[debug] [2025-09-11T16:56:39.016Z] ----------------------------------------------------------------------
[debug] [2025-09-11T16:56:39.018Z] Command:       /Users/stephensonml1/.nvm/versions/node/v22.19.0/bin/node /Users/stephensonml1/.nvm/versions/node/v22.19.0/bin/firebase init
[debug] [2025-09-11T16:56:39.018Z] CLI Version:   14.16.0
[debug] [2025-09-11T16:56:39.018Z] Platform:      darwin
[debug] [2025-09-11T16:56:39.018Z] Node Version:  v22.19.0
[debug] [2025-09-11T16:56:39.018Z] Time:          Thu Sep 11 2025 12:56:39 GMT-0400 (Eastern Daylight Time)
[debug] [2025-09-11T16:56:39.018Z] ----------------------------------------------------------------------
[debug] 
[debug] [2025-09-11T16:56:39.020Z] > command requires scopes: ["email","openid","https://www.googleapis.com/auth/cloudplatformprojects.readonly","https://www.googleapis.com/auth/firebase","https://www.googleapis.com/auth/cloud-platform"]
[debug] [2025-09-11T16:56:39.020Z] > authorizing via signed-in user (mmlsrox@gmail.com)
[info] 
     ######## #### ########  ######## ########     ###     ######  ########
     ##        ##  ##     ## ##       ##     ##  ##   ##  ##       ##
     ######    ##  ########  ######   ########  #########  ######  ######
     ##        ##  ##    ##  ##       ##     ## ##     ##       ## ##
     ##       #### ##     ## ######## ########  ##     ##  ######  ########

You're about to initialize a Firebase project in this directory:

  /Users/stephensonml1/ALRegister

[info] 
=== Project Setup
[info] 
[info] First, let's associate this project directory with a Firebase project.
[info] You can create multiple project aliases by running firebase use --add, 
[info] but for now we'll just set up a default project.
[info] 
[debug] [2025-09-11T16:57:28.332Z] Checked if tokens are valid: true, expires at: 1757613377333
[debug] [2025-09-11T16:57:28.332Z] Checked if tokens are valid: true, expires at: 1757613377333
[debug] [2025-09-11T16:57:28.333Z] >>> [apiv2][query] GET https://firebase.googleapis.com/v1beta1/projects pageSize=100
[debug] [2025-09-11T16:57:29.028Z] <<< [apiv2][status] GET https://firebase.googleapis.com/v1beta1/projects 200
[debug] [2025-09-11T16:57:29.028Z] <<< [apiv2][body] GET https://firebase.googleapis.com/v1beta1/projects [omitted]
[info] i  Using project althespiansregister (AlThespiansRegister) 
[info] 
=== Dataconnect Setup
[debug] [2025-09-11T16:57:34.972Z] Checked if tokens are valid: true, expires at: 1757613377333
[debug] [2025-09-11T16:57:34.972Z] Checked if tokens are valid: true, expires at: 1757613377333
[debug] [2025-09-11T16:57:34.972Z] >>> [apiv2][query] GET https://cloudbilling.googleapis.com/v1/projects/althespiansregister/billingInfo [none]
[debug] [2025-09-11T16:57:35.393Z] <<< [apiv2][status] GET https://cloudbilling.googleapis.com/v1/projects/althespiansregister/billingInfo 200
[debug] [2025-09-11T16:57:35.393Z] <<< [apiv2][body] GET https://cloudbilling.googleapis.com/v1/projects/althespiansregister/billingInfo {"name":"projects/althespiansregister/billingInfo","projectId":"althespiansregister","billingAccountName":"","billingEnabled":false}
[info] i  dataconnect: ensuring required API firebasedataconnect.googleapis.com is enabled... 
[debug] [2025-09-11T16:57:35.395Z] Checked if tokens are valid: true, expires at: 1757613377333
[debug] [2025-09-11T16:57:35.395Z] Checked if tokens are valid: true, expires at: 1757613377333
[info] i  dataconnect: ensuring required API sqladmin.googleapis.com is enabled... 
[debug] [2025-09-11T16:57:35.395Z] Checked if tokens are valid: true, expires at: 1757613377333
[debug] [2025-09-11T16:57:35.395Z] Checked if tokens are valid: true, expires at: 1757613377333
[debug] [2025-09-11T16:57:35.396Z] >>> [apiv2][query] GET https://serviceusage.googleapis.com/v1/projects/althespiansregister/services/firebasedataconnect.googleapis.com [none]
[debug] [2025-09-11T16:57:35.396Z] >>> [apiv2][(partial)header] GET https://serviceusage.googleapis.com/v1/projects/althespiansregister/services/firebasedataconnect.googleapis.com x-goog-quota-user=projects/althespiansregister
[debug] [2025-09-11T16:57:35.397Z] >>> [apiv2][query] GET https://serviceusage.googleapis.com/v1/projects/althespiansregister/services/sqladmin.googleapis.com [none]
[debug] [2025-09-11T16:57:35.397Z] >>> [apiv2][(partial)header] GET https://serviceusage.googleapis.com/v1/projects/althespiansregister/services/sqladmin.googleapis.com x-goog-quota-user=projects/althespiansregister
[debug] [2025-09-11T16:57:36.084Z] <<< [apiv2][status] GET https://serviceusage.googleapis.com/v1/projects/althespiansregister/services/firebasedataconnect.googleapis.com 200
[debug] [2025-09-11T16:57:36.084Z] <<< [apiv2][body] GET https://serviceusage.googleapis.com/v1/projects/althespiansregister/services/firebasedataconnect.googleapis.com [omitted]
[warn] ⚠  dataconnect: missing required API firebasedataconnect.googleapis.com. Enabling now... 
[debug] [2025-09-11T16:57:36.085Z] Checked if tokens are valid: true, expires at: 1757613377333
[debug] [2025-09-11T16:57:36.085Z] Checked if tokens are valid: true, expires at: 1757613377333
[debug] [2025-09-11T16:57:36.085Z] >>> [apiv2][query] POST https://serviceusage.googleapis.com/v1/projects/althespiansregister/services/firebasedataconnect.googleapis.com:enable [none]
[debug] [2025-09-11T16:57:36.085Z] >>> [apiv2][(partial)header] POST https://serviceusage.googleapis.com/v1/projects/althespiansregister/services/firebasedataconnect.googleapis.com:enable x-goog-quota-user=projects/althespiansregister
[debug] [2025-09-11T16:57:36.087Z] <<< [apiv2][status] GET https://serviceusage.googleapis.com/v1/projects/althespiansregister/services/sqladmin.googleapis.com 200
[debug] [2025-09-11T16:57:36.087Z] <<< [apiv2][body] GET https://serviceusage.googleapis.com/v1/projects/althespiansregister/services/sqladmin.googleapis.com [omitted]
[warn] ⚠  dataconnect: missing required API sqladmin.googleapis.com. Enabling now... 
[debug] [2025-09-11T16:57:36.087Z] Checked if tokens are valid: true, expires at: 1757613377333
[debug] [2025-09-11T16:57:36.087Z] Checked if tokens are valid: true, expires at: 1757613377333
[debug] [2025-09-11T16:57:36.087Z] >>> [apiv2][query] POST https://serviceusage.googleapis.com/v1/projects/althespiansregister/services/sqladmin.googleapis.com:enable [none]
[debug] [2025-09-11T16:57:36.088Z] >>> [apiv2][(partial)header] POST https://serviceusage.googleapis.com/v1/projects/althespiansregister/services/sqladmin.googleapis.com:enable x-goog-quota-user=projects/althespiansregister
[debug] [2025-09-11T16:57:36.743Z] <<< [apiv2][status] POST https://serviceusage.googleapis.com/v1/projects/althespiansregister/services/sqladmin.googleapis.com:enable 200
[debug] [2025-09-11T16:57:36.744Z] <<< [apiv2][body] POST https://serviceusage.googleapis.com/v1/projects/althespiansregister/services/sqladmin.googleapis.com:enable [omitted]
[debug] [2025-09-11T16:57:37.046Z] <<< [apiv2][status] POST https://serviceusage.googleapis.com/v1/projects/althespiansregister/services/firebasedataconnect.googleapis.com:enable 200
[debug] [2025-09-11T16:57:37.046Z] <<< [apiv2][body] POST https://serviceusage.googleapis.com/v1/projects/althespiansregister/services/firebasedataconnect.googleapis.com:enable [omitted]
[debug] [2025-09-11T16:57:47.059Z] Checked if tokens are valid: true, expires at: 1757613377333
[debug] [2025-09-11T16:57:47.059Z] Checked if tokens are valid: true, expires at: 1757613377333
[debug] [2025-09-11T16:57:47.059Z] >>> [apiv2][query] GET https://firebasedataconnect.googleapis.com/v1/projects/althespiansregister/locations/-/services [none]
[debug] [2025-09-11T16:57:47.973Z] <<< [apiv2][status] GET https://firebasedataconnect.googleapis.com/v1/projects/althespiansregister/locations/-/services 200
[debug] [2025-09-11T16:57:47.973Z] <<< [apiv2][body] GET https://firebasedataconnect.googleapis.com/v1/projects/althespiansregister/locations/-/services {}
[warn] ⚠  dataconnect: No app exists in the current directory. 
[debug] [2025-09-11T16:58:39.779Z] Checked if tokens are valid: true, expires at: 1757613377333
[debug] [2025-09-11T16:58:39.779Z] Checked if tokens are valid: true, expires at: 1757613377333
[debug] [2025-09-11T16:58:39.779Z] >>> [apiv2][query] GET https://firebasedataconnect.googleapis.com/v1/projects/althespiansregister/locations/us-central1/services/alregister/schemas/main [none]
[debug] [2025-09-11T16:58:40.043Z] <<< [apiv2][status] GET https://firebasedataconnect.googleapis.com/v1/projects/althespiansregister/locations/us-central1/services/alregister/schemas/main 404
[debug] [2025-09-11T16:58:40.043Z] <<< [apiv2][body] GET https://firebasedataconnect.googleapis.com/v1/projects/althespiansregister/locations/us-central1/services/alregister/schemas/main {"error":{"code":404,"message":"Resource 'projects/althespiansregister/locations/us-central1/services/alregister/schemas/main' was not found","status":"NOT_FOUND","details":[{"@type":"type.googleapis.com/google.rpc.ResourceInfo","resourceName":"projects/althespiansregister/locations/us-central1/services/alregister/schemas/main"}]}}
[info] ✔  Wrote dataconnect/dataconnect.yaml 
[info] ✔  Wrote dataconnect/schema/schema.gql 
[info] ✔  Wrote dataconnect/example/connector.yaml 
[info] ✔  Wrote dataconnect/example/queries.gql 
[info] ✔  Wrote dataconnect/example/mutations.gql 
[info] i  dataconnect: No apps to setup Data Connect Generated SDKs 
[info] 
=== Firestore Setup
[info] i  firestore: ensuring required API firestore.googleapis.com is enabled... 
[debug] [2025-09-11T16:58:40.126Z] Checked if tokens are valid: true, expires at: 1757613377333
[debug] [2025-09-11T16:58:40.126Z] Checked if tokens are valid: true, expires at: 1757613377333
[debug] [2025-09-11T16:58:40.127Z] >>> [apiv2][query] GET https://serviceusage.googleapis.com/v1/projects/althespiansregister/services/firestore.googleapis.com [none]
[debug] [2025-09-11T16:58:40.127Z] >>> [apiv2][(partial)header] GET https://serviceusage.googleapis.com/v1/projects/althespiansregister/services/firestore.googleapis.com x-goog-quota-user=projects/althespiansregister
[debug] [2025-09-11T16:58:40.914Z] <<< [apiv2][status] GET https://serviceusage.googleapis.com/v1/projects/althespiansregister/services/firestore.googleapis.com 200
[debug] [2025-09-11T16:58:40.914Z] <<< [apiv2][body] GET https://serviceusage.googleapis.com/v1/projects/althespiansregister/services/firestore.googleapis.com [omitted]
[warn] ⚠  firestore: missing required API firestore.googleapis.com. Enabling now... 
[debug] [2025-09-11T16:58:40.914Z] Checked if tokens are valid: true, expires at: 1757613377333
[debug] [2025-09-11T16:58:40.914Z] Checked if tokens are valid: true, expires at: 1757613377333
[debug] [2025-09-11T16:58:40.914Z] >>> [apiv2][query] POST https://serviceusage.googleapis.com/v1/projects/althespiansregister/services/firestore.googleapis.com:enable [none]
[debug] [2025-09-11T16:58:40.915Z] >>> [apiv2][(partial)header] POST https://serviceusage.googleapis.com/v1/projects/althespiansregister/services/firestore.googleapis.com:enable x-goog-quota-user=projects/althespiansregister
[debug] [2025-09-11T16:58:41.659Z] <<< [apiv2][status] POST https://serviceusage.googleapis.com/v1/projects/althespiansregister/services/firestore.googleapis.com:enable 200
[debug] [2025-09-11T16:58:41.659Z] <<< [apiv2][body] POST https://serviceusage.googleapis.com/v1/projects/althespiansregister/services/firestore.googleapis.com:enable [omitted]
[debug] [2025-09-11T16:58:51.670Z] Checked if tokens are valid: true, expires at: 1757613377333
[debug] [2025-09-11T16:58:51.670Z] Checked if tokens are valid: true, expires at: 1757613377333
[debug] [2025-09-11T16:58:51.671Z] >>> [apiv2][query] GET https://firestore.googleapis.com/v1/projects/althespiansregister/databases [none]
[debug] [2025-09-11T16:58:53.150Z] <<< [apiv2][status] GET https://firestore.googleapis.com/v1/projects/althespiansregister/databases 200
[debug] [2025-09-11T16:58:53.150Z] <<< [apiv2][body] GET https://firestore.googleapis.com/v1/projects/althespiansregister/databases {}
[debug] [2025-09-11T16:58:53.151Z] Checked if tokens are valid: true, expires at: 1757613377333
[debug] [2025-09-11T16:58:53.151Z] Checked if tokens are valid: true, expires at: 1757613377333
[debug] [2025-09-11T16:58:53.151Z] >>> [apiv2][query] GET https://firestore.googleapis.com/v1/projects/althespiansregister/locations [none]
[debug] [2025-09-11T16:58:53.260Z] <<< [apiv2][status] GET https://firestore.googleapis.com/v1/projects/althespiansregister/locations 200
[debug] [2025-09-11T16:58:53.260Z] <<< [apiv2][body] GET https://firestore.googleapis.com/v1/projects/althespiansregister/locations {"locations":[{"name":"projects/althespiansregister/locations/eur3","labels":{"appengine.googleapis.com/geo":"europe-west","cloud.googleapis.com/location":"eur3","cloud.googleapis.com/geo":"eur3"},"metadata":{"@type":"type.googleapis.com/google.firestore.admin.v1.LocationMetadata"},"locationId":"eur3","displayName":"Europe"},{"name":"projects/althespiansregister/locations/nam5","labels":{"appengine.googleapis.com/geo":"us-central","cloud.googleapis.com/location":"nam5","cloud.googleapis.com/geo":"nam5"},"metadata":{"@type":"type.googleapis.com/google.firestore.admin.v1.LocationMetadata"},"locationId":"nam5","displayName":"United States"},{"name":"projects/althespiansregister/locations/nam7","labels":{"cloud.googleapis.com/location":"nam7","cloud.googleapis.com/geo":"nam7"},"metadata":{"@type":"type.googleapis.com/google.firestore.admin.v1.LocationMetadata"},"locationId":"nam7","displayName":"United States"},{"name":"projects/althespiansregister/locations/africa-south1","labels":{"cloud.googleapis.com/location":"africa-south1","cloud.googleapis.com/region":"africa-south1"},"metadata":{"@type":"type.googleapis.com/google.firestore.admin.v1.LocationMetadata"},"locationId":"africa-south1","displayName":"Johannesburg"},{"name":"projects/althespiansregister/locations/asia-east1","labels":{"appengine.googleapis.com/region":"asia-east1","cloud.googleapis.com/location":"asia-east1","cloud.googleapis.com/region":"asia-east1"},"metadata":{"@type":"type.googleapis.com/google.firestore.admin.v1.LocationMetadata"},"locationId":"asia-east1","displayName":"Taiwan"},{"name":"projects/althespiansregister/locations/asia-east2","labels":{"appengine.googleapis.com/region":"asia-east2","cloud.googleapis.com/location":"asia-east2","cloud.googleapis.com/region":"asia-east2"},"metadata":{"@type":"type.googleapis.com/google.firestore.admin.v1.LocationMetadata"},"locationId":"asia-east2","displayName":"Hong Kong"},{"name":"projects/althespiansregister/locations/asia-northeast1","labels":{"appengine.googleapis.com/region":"asia-northeast1","cloud.googleapis.com/location":"asia-northeast1","cloud.googleapis.com/region":"asia-northeast1"},"metadata":{"@type":"type.googleapis.com/google.firestore.admin.v1.LocationMetadata"},"locationId":"asia-northeast1","displayName":"Tokyo"},{"name":"projects/althespiansregister/locations/asia-northeast2","labels":{"appengine.googleapis.com/region":"asia-northeast2","cloud.googleapis.com/location":"asia-northeast2","cloud.googleapis.com/region":"asia-northeast2"},"metadata":{"@type":"type.googleapis.com/google.firestore.admin.v1.LocationMetadata"},"locationId":"asia-northeast2","displayName":"Osaka"},{"name":"projects/althespiansregister/locations/asia-northeast3","labels":{"appengine.googleapis.com/region":"asia-northeast3","cloud.googleapis.com/location":"asia-northeast3","cloud.googleapis.com/region":"asia-northeast3"},"metadata":{"@type":"type.googleapis.com/google.firestore.admin.v1.LocationMetadata"},"locationId":"asia-northeast3","displayName":"Seoul"},{"name":"projects/althespiansregister/locations/asia-south1","labels":{"appengine.googleapis.com/region":"asia-south1","cloud.googleapis.com/location":"asia-south1","cloud.googleapis.com/region":"asia-south1"},"metadata":{"@type":"type.googleapis.com/google.firestore.admin.v1.LocationMetadata"},"locationId":"asia-south1","displayName":"Mumbai"},{"name":"projects/althespiansregister/locations/asia-south2","labels":{"cloud.googleapis.com/location":"asia-south2","cloud.googleapis.com/region":"asia-south2"},"metadata":{"@type":"type.googleapis.com/google.firestore.admin.v1.LocationMetadata"},"locationId":"asia-south2","displayName":"Delhi"},{"name":"projects/althespiansregister/locations/asia-southeast1","labels":{"appengine.googleapis.com/region":"asia-southeast1","cloud.googleapis.com/location":"asia-southeast1","cloud.googleapis.com/region":"asia-southeast1"},"metadata":{"@type":"type.googleapis.com/google.firestore.admin.v1.LocationMetadata"},"locationId":"asia-southeast1","displayName":"Singapore"},{"name":"projects/althespiansregister/locations/asia-southeast2","labels":{"appengine.googleapis.com/region":"asia-southeast2","cloud.googleapis.com/location":"asia-southeast2","cloud.googleapis.com/region":"asia-southeast2"},"metadata":{"@type":"type.googleapis.com/google.firestore.admin.v1.LocationMetadata"},"locationId":"asia-southeast2","displayName":"Jakarta"},{"name":"projects/althespiansregister/locations/australia-southeast1","labels":{"appengine.googleapis.com/region":"australia-southeast1","cloud.googleapis.com/location":"australia-southeast1","cloud.googleapis.com/region":"australia-southeast1"},"metadata":{"@type":"type.googleapis.com/google.firestore.admin.v1.LocationMetadata"},"locationId":"australia-southeast1","displayName":"Sydney"},{"name":"projects/althespiansregister/locations/australia-southeast2","labels":{"cloud.googleapis.com/location":"australia-southeast2","cloud.googleapis.com/region":"australia-southeast2"},"metadata":{"@type":"type.googleapis.com/google.firestore.admin.v1.LocationMetadata"},"locationId":"australia-southeast2","displayName":"Melbourne"},{"name":"projects/althespiansregister/locations/europe-central2","labels":{"appengine.googleapis.com/region":"europe-central2","cloud.googleapis.com/location":"europe-central2","cloud.googleapis.com/region":"europe-central2"},"metadata":{"@type":"type.googleapis.com/google.firestore.admin.v1.LocationMetadata"},"locationId":"europe-central2","displayName":"Warsaw"},{"name":"projects/althespiansregister/locations/europe-north1","labels":{"cloud.googleapis.com/location":"europe-north1","cloud.googleapis.com/region":"europe-north1"},"metadata":{"@type":"type.googleapis.com/google.firestore.admin.v1.LocationMetadata"},"locationId":"europe-north1","displayName":"Finland"},{"name":"projects/althespiansregister/locations/europe-north2","labels":{"cloud.googleapis.com/location":"europe-north2","cloud.googleapis.com/region":"europe-north2"},"metadata":{"@type":"type.googleapis.com/google.firestore.admin.v1.LocationMetadata"},"locationId":"europe-north2","displayName":"Stockholm"},{"name":"projects/althespiansregister/locations/europe-southwest1","labels":{"cloud.googleapis.com/location":"europe-southwest1","cloud.googleapis.com/region":"europe-southwest1"},"metadata":{"@type":"type.googleapis.com/google.firestore.admin.v1.LocationMetadata"},"locationId":"europe-southwest1","displayName":"Madrid"},{"name":"projects/althespiansregister/locations/europe-west1","labels":{"cloud.googleapis.com/location":"europe-west1","cloud.googleapis.com/region":"europe-west1"},"metadata":{"@type":"type.googleapis.com/google.firestore.admin.v1.LocationMetadata"},"locationId":"europe-west1","displayName":"Belgium"},{"name":"projects/althespiansregister/locations/europe-west10","labels":{"cloud.googleapis.com/location":"europe-west10","cloud.googleapis.com/region":"europe-west10"},"metadata":{"@type":"type.googleapis.com/google.firestore.admin.v1.LocationMetadata"},"locationId":"europe-west10","displayName":"Berlin"},{"name":"projects/althespiansregister/locations/europe-west12","labels":{"cloud.googleapis.com/location":"europe-west12","cloud.googleapis.com/region":"europe-west12"},"metadata":{"@type":"type.googleapis.com/google.firestore.admin.v1.LocationMetadata"},"locationId":"europe-west12","displayName":"Turin"},{"name":"projects/althespiansregister/locations/europe-west2","labels":{"appengine.googleapis.com/region":"europe-west2","cloud.googleapis.com/location":"europe-west2","cloud.googleapis.com/region":"europe-west2"},"metadata":{"@type":"type.googleapis.com/google.firestore.admin.v1.LocationMetadata"},"locationId":"europe-west2","displayName":"London"},{"name":"projects/althespiansregister/locations/europe-west3","labels":{"appengine.googleapis.com/region":"europe-west3","cloud.googleapis.com/location":"europe-west3","cloud.googleapis.com/region":"europe-west3"},"metadata":{"@type":"type.googleapis.com/google.firestore.admin.v1.LocationMetadata"},"locationId":"europe-west3","displayName":"Frankfurt"},{"name":"projects/althespiansregister/locations/europe-west4","labels":{"cloud.googleapis.com/location":"europe-west4","cloud.googleapis.com/region":"europe-west4"},"metadata":{"@type":"type.googleapis.com/google.firestore.admin.v1.LocationMetadata"},"locationId":"europe-west4","displayName":"Netherlands"},{"name":"projects/althespiansregister/locations/europe-west6","labels":{"appengine.googleapis.com/region":"europe-west6","cloud.googleapis.com/location":"europe-west6","cloud.googleapis.com/region":"europe-west6"},"metadata":{"@type":"type.googleapis.com/google.firestore.admin.v1.LocationMetadata"},"locationId":"europe-west6","displayName":"Zurich"},{"name":"projects/althespiansregister/locations/europe-west8","labels":{"cloud.googleapis.com/location":"europe-west8","cloud.googleapis.com/region":"europe-west8"},"metadata":{"@type":"type.googleapis.com/google.firestore.admin.v1.LocationMetadata"},"locationId":"europe-west8","displayName":"Milan"},{"name":"projects/althespiansregister/locations/europe-west9","labels":{"cloud.googleapis.com/location":"europe-west9","cloud.googleapis.com/region":"europe-west9"},"metadata":{"@type":"type.googleapis.com/google.firestore.admin.v1.LocationMetadata"},"locationId":"europe-west9","displayName":"Paris"},{"name":"projects/althespiansregister/locations/me-central1","labels":{"cloud.googleapis.com/location":"me-central1","cloud.googleapis.com/region":"me-central1"},"metadata":{"@type":"type.googleapis.com/google.firestore.admin.v1.LocationMetadata"},"locationId":"me-central1","displayName":"Doha"},{"name":"projects/althespiansregister/locations/me-central2","labels":{"cloud.googleapis.com/location":"me-central2","cloud.googleapis.com/region":"me-central2"},"metadata":{"@type":"type.googleapis.com/google.firestore.admin.v1.LocationMetadata"},"locationId":"me-central2","displayName":"Dammam"},{"name":"projects/althespiansregister/locations/me-west1","labels":{"cloud.googleapis.com/location":"me-west1","cloud.googleapis.com/region":"me-west1"},"metadata":{"@type":"type.googleapis.com/google.firestore.admin.v1.LocationMetadata"},"locationId":"me-west1","displayName":"Tel Aviv"},{"name":"projects/althespiansregister/locations/northamerica-northeast1","labels":{"appengine.googleapis.com/region":"northamerica-northeast1","cloud.googleapis.com/location":"northamerica-northeast1","cloud.googleapis.com/region":"northamerica-northeast1"},"metadata":{"@type":"type.googleapis.com/google.firestore.admin.v1.LocationMetadata"},"locationId":"northamerica-northeast1","displayName":"Montréal"},{"name":"projects/althespiansregister/locations/northamerica-northeast2","labels":{"cloud.googleapis.com/location":"northamerica-northeast2","cloud.googleapis.com/region":"northamerica-northeast2"},"metadata":{"@type":"type.googleapis.com/google.firestore.admin.v1.LocationMetadata"},"locationId":"northamerica-northeast2","displayName":"Toronto"},{"name":"projects/althespiansregister/locations/northamerica-south1","labels":{"cloud.googleapis.com/location":"northamerica-south1","cloud.googleapis.com/region":"northamerica-south1"},"metadata":{"@type":"type.googleapis.com/google.firestore.admin.v1.LocationMetadata"},"locationId":"northamerica-south1","displayName":"Mexico"},{"name":"projects/althespiansregister/locations/southamerica-east1","labels":{"appengine.googleapis.com/region":"southamerica-east1","cloud.googleapis.com/location":"southamerica-east1","cloud.googleapis.com/region":"southamerica-east1"},"metadata":{"@type":"type.googleapis.com/google.firestore.admin.v1.LocationMetadata"},"locationId":"southamerica-east1","displayName":"São Paulo"},{"name":"projects/althespiansregister/locations/southamerica-west1","labels":{"cloud.googleapis.com/location":"southamerica-west1","cloud.googleapis.com/region":"southamerica-west1"},"metadata":{"@type":"type.googleapis.com/google.firestore.admin.v1.LocationMetadata"},"locationId":"southamerica-west1","displayName":"Santiago"},{"name":"projects/althespiansregister/locations/us-central1","labels":{"cloud.googleapis.com/location":"us-central1","cloud.googleapis.com/region":"us-central1"},"metadata":{"@type":"type.googleapis.com/google.firestore.admin.v1.LocationMetadata"},"locationId":"us-central1","displayName":"Iowa"},{"name":"projects/althespiansregister/locations/us-east1","labels":{"appengine.googleapis.com/region":"us-east1","cloud.googleapis.com/location":"us-east1","cloud.googleapis.com/region":"us-east1"},"metadata":{"@type":"type.googleapis.com/google.firestore.admin.v1.LocationMetadata"},"locationId":"us-east1","displayName":"South Carolina"},{"name":"projects/althespiansregister/locations/us-east4","labels":{"appengine.googleapis.com/region":"us-east4","cloud.googleapis.com/location":"us-east4","cloud.googleapis.com/region":"us-east4"},"metadata":{"@type":"type.googleapis.com/google.firestore.admin.v1.LocationMetadata"},"locationId":"us-east4","displayName":"Northern Virginia"},{"name":"projects/althespiansregister/locations/us-east5","labels":{"cloud.googleapis.com/location":"us-east5","cloud.googleapis.com/region":"us-east5"},"metadata":{"@type":"type.googleapis.com/google.firestore.admin.v1.LocationMetadata"},"locationId":"us-east5","displayName":"Columbus"},{"name":"projects/althespiansregister/locations/us-south1","labels":{"cloud.googleapis.com/location":"us-south1","cloud.googleapis.com/region":"us-south1"},"metadata":{"@type":"type.googleapis.com/google.firestore.admin.v1.LocationMetadata"},"locationId":"us-south1","displayName":"Dallas"},{"name":"projects/althespiansregister/locations/us-west1","labels":{"appengine.googleapis.com/region":"us-west1","cloud.googleapis.com/location":"us-west1","cloud.googleapis.com/region":"us-west1"},"metadata":{"@type":"type.googleapis.com/google.firestore.admin.v1.LocationMetadata"},"locationId":"us-west1","displayName":"Oregon"},{"name":"projects/althespiansregister/locations/us-west2","labels":{"appengine.googleapis.com/region":"us-west2","cloud.googleapis.com/location":"us-west2","cloud.googleapis.com/region":"us-west2"},"metadata":{"@type":"type.googleapis.com/google.firestore.admin.v1.LocationMetadata"},"locationId":"us-west2","displayName":"Los Angeles"},{"name":"projects/althespiansregister/locations/us-west3","labels":{"appengine.googleapis.com/region":"us-west3","cloud.googleapis.com/location":"us-west3","cloud.googleapis.com/region":"us-west3"},"metadata":{"@type":"type.googleapis.com/google.firestore.admin.v1.LocationMetadata"},"locationId":"us-west3","displayName":"Salt Lake City"},{"name":"projects/althespiansregister/locations/us-west4","labels":{"appengine.googleapis.com/region":"us-west4","cloud.googleapis.com/location":"us-west4","cloud.googleapis.com/region":"us-west4"},"metadata":{"@type":"type.googleapis.com/google.firestore.admin.v1.LocationMetadata"},"locationId":"us-west4","displayName":"Las Vegas"}]}
[info] 
[info] Firestore Security Rules allow you to define how and when to allow
[info] requests. You can keep these rules in your project directory
[info] and publish them with firebase deploy.
[info] 
